// Vitest Snapshot v1, https://vitest.dev/guide/snapshot.html

exports[`NavBar > Will match snapshot 1`] = `
<div>
  <nav
    class="nav-bar"
  >
    <ul>
      <li>
        <a
          aria-current="page"
          class="active"
          data-discover="true"
          href="/"
        >
          Dashboard
        </a>
      </li>
      <li>
        <a
          class=""
          data-discover="true"
          href="/leaderboard"
        >
          Leaderboard
        </a>
      </li>
      <li>
        <a
          class=""
          data-discover="true"
          href="/add"
        >
          New Poll
        </a>
      </li>
    </ul>
  </nav>
</div>
`;
